// Jest Snapshot v1, https://goo.gl/fbAQLP

exports[`MySettings Component renders correctly when user login id is found 1`] = `
<main
  id="content"
>
  <BreadCrumb
    breadCrumbItems={
      [
        {
          "route": "/",
          "title": "home",
        },
      ]
    }
  />
  <PageTile
    translationKey="MySettings.title"
  />
  <AccessTokensSection
    accessTokensPromise={Promise {}}
    isAddBtnVisible={true}
  />
  <TokenResponseModal
    clientId=""
    onLoad={[Function]}
    refreshToken=""
  />
  <DateTimeFormatSection />
  <ExperimentalFeaturesSection />
</main>
`;
